../Core/Src/main.c:83:6:max_write	32	static
../Core/Src/main.c:106:6:flushBuffer	56	static
../Core/Src/main.c:130:6:max7219_cmd	24	static
../Core/Src/main.c:142:6:matrixInit	8	static
../Core/Src/main.c:151:6:clearDisplay	16	static
../Core/Src/main.c:159:6:shiftLeft	16	static
../Core/Src/main.c:168:6:shiftchar	32	static
../Core/Src/main.c:189:6:scrollString	16	static
../Core/Src/main.c:197:6:printString	40	static
../Core/Src/main.c:227:5:main	24	static
../Core/Src/main.c:323:6:SystemClock_Config	96	static
../Core/Src/main.c:368:13:MX_ADC1_Init	32	static
../Core/Src/main.c:426:13:MX_I2C1_Init	8	static
../Core/Src/main.c:474:13:MX_SPI1_Init	8	static
../Core/Src/main.c:514:13:MX_TIM1_Init	96	static
../Core/Src/main.c:584:13:MX_USART2_UART_Init	8	static
../Core/Src/main.c:619:13:MX_GPIO_Init	40	static
../Core/Src/main.c:667:6:HAL_GPIO_EXTI_Callback	16	static
../Core/Src/main.c:680:6:Error_Handler	4	static,ignoring_inline_asm
