../Core/Src/main.c:63:6:max_write	32	static
../Core/Src/main.c:86:6:flushBuffer	56	static
../Core/Src/main.c:110:6:max7219_cmd	24	static
../Core/Src/main.c:122:6:matrixInit	8	static
../Core/Src/main.c:131:6:clearDisplay	16	static
../Core/Src/main.c:139:6:shiftLeft	16	static
../Core/Src/main.c:148:6:shiftchar	32	static
../Core/Src/main.c:169:6:scrollString	16	static
../Core/Src/main.c:177:6:printString	40	static
../Core/Src/main.c:217:5:main	8	static
../Core/Src/main.c:277:6:SystemClock_Config	96	static
../Core/Src/main.c:321:13:MX_SPI1_Init	8	static
../Core/Src/main.c:361:13:MX_GPIO_Init	32	static
../Core/Src/main.c:392:6:Error_Handler	4	static,ignoring_inline_asm
